kernel_mainFound module: font.psf | Start: 0x5a0000 | Size: 11041 bytes
Found module: font.psf | Start: 0x5a0000 | Size: 11041 bytes
Found module: rootfs.tar | Start: 0x5a3000 | Size: 880640 bytes
Found module: rootfs.tar | Start: 0x5a3000 | Size: 880640 bytes
[ 0.0 ] [32m[INFO][0m tarfs indexed 83 files
Searching PSF...
Loading PSF addr=5a0000 size=11041
FONT MAGIC: 72 b5 4a 86
Detected PSF2
PSF2 hdr=32 glyphs=256 glyph_size=40 width=10 height=20
FONT OK: 10x20 glyphs=256 size=40
PSF LOADED
[ 0.0 ] [32m[INFO][0m PIT start
[ 0.0 ] [32m[INFO][0m Identity mapping
[ 0.0 ] [32m[INFO][0m Identity done
[ 0.0 ] [32m[INFO][0m Mapping framebuffer
[ 0.0 ] [32m[INFO][0m Framebuffer mapped
[ 0.0 ] [32m[INFO][0m CR3 loaded
[ 0.0 ] [32m[INFO][0m Paging enabled
HEAP INIT addr=1000000 size=16777216
FB backbuffer=1000020 size=3145728
CONSOLE FONT=116020
